    Hinst Name                            Module Name          Inst Count           Total Area
-------------------------------------------------------------------------------------------
bk_adder_32bit                                                        233              252.168
 DO                                       dot_operator_0                2                1.596
 DO4                                      dot_operator_22               2                1.596
 DO4_1                                    dot_operator_21               3                2.660
 DO5                                      dot_operator_13               2                1.596
 PG_generate_0__PG                        PG_generator_0                1                1.596
 PG_generate_10__PG                       PG_generator_22               2                2.660
 PG_generate_11__PG                       PG_generator_21               2                2.660
 PG_generate_12__PG                       PG_generator_20               2                2.660
 PG_generate_13__PG                       PG_generator_19               2                2.660
 PG_generate_14__PG                       PG_generator_18               2                2.660
 PG_generate_15__PG                       PG_generator_17               2                2.660
 PG_generate_16__PG                       PG_generator_16               2                2.660
 PG_generate_17__PG                       PG_generator_15               2                2.660
 PG_generate_18__PG                       PG_generator_14               2                2.660
 PG_generate_19__PG                       PG_generator_13               2                2.660
 PG_generate_1__PG                        PG_generator_31               2                2.660
 PG_generate_20__PG                       PG_generator_12               2                2.660
 PG_generate_21__PG                       PG_generator_11               2                2.660
 PG_generate_22__PG                       PG_generator_10               2                2.660
 PG_generate_23__PG                       PG_generator_9                2                2.660
 PG_generate_24__PG                       PG_generator_8                2                2.660
 PG_generate_25__PG                       PG_generator_7                2                2.660
 PG_generate_26__PG                       PG_generator_6                2                2.660
 PG_generate_27__PG                       PG_generator_5                2                2.660
 PG_generate_28__PG                       PG_generator_4                2                2.660
 PG_generate_29__PG                       PG_generator_3                2                2.660
 PG_generate_2__PG                        PG_generator_30               2                2.660
 PG_generate_30__PG                       PG_generator_2                2                2.660
 PG_generate_31__PG                       PG_generator_1                2                2.660
 PG_generate_3__PG                        PG_generator_29               2                2.660
 PG_generate_4__PG                        PG_generator_28               2                2.660
 PG_generate_5__PG                        PG_generator_27               2                2.660
 PG_generate_6__PG                        PG_generator_26               2                2.660
 PG_generate_7__PG                        PG_generator_25               2                2.660
 PG_generate_8__PG                        PG_generator_24               2                2.660
 PG_generate_9__PG                        PG_generator_23               2                2.660
 RTDO2                                    dot_operator_41               2                1.596
 RTDO3                                    dot_operator_32               2                1.596
 RTDO3_1                                  dot_operator_31               2                1.596
 RTDO4                                    dot_operator_26               2                1.596
 RTDO4_1                                  dot_operator_25               2                1.596
 RTDO4_2                                  dot_operator_24               2                1.596
 RTDO4_3                                  dot_operator_23               2                1.596
 RTDO5                                    dot_operator_20               2                1.596
 RTDO5_1                                  dot_operator_19               2                1.596
 RTDO5_2                                  dot_operator_18               2                1.596
 RTDO5_3                                  dot_operator_17               2                1.596
 RTDO5_4                                  dot_operator_16               2                1.596
 RTDO5_5                                  dot_operator_15               2                1.596
 RTDO5_6                                  dot_operator_14               2                1.596
 RTDO6                                    dot_operator_12               2                1.596
 RTDO6_1                                  dot_operator_11               2                1.596
 RTDO6_2                                  dot_operator_10               2                1.596
 RTDO6_3                                  dot_operator_9                2                1.596
 RTDO6_4                                  dot_operator_8                2                1.596
 RTDO6_5                                  dot_operator_7                2                1.596
 RTDO6_6                                  dot_operator_6                2                1.596
 RTDO7                                    dot_operator_5                2                1.596
 RTDO7_1                                  dot_operator_4                2                1.596
 RTDO7_2                                  dot_operator_3                2                1.596
 RTDO7_3                                  dot_operator_2                2                1.596
 level1_dot_operator_forward_tree_11__DO1 dot_operator_52               3                2.660
 level1_dot_operator_forward_tree_13__DO1 dot_operator_51               3                2.660
 level1_dot_operator_forward_tree_15__DO1 dot_operator_50               3                2.660
 level1_dot_operator_forward_tree_17__DO1 dot_operator_49               3                2.660
 level1_dot_operator_forward_tree_19__DO1 dot_operator_48               3                2.660
 level1_dot_operator_forward_tree_21__DO1 dot_operator_47               3                2.660
 level1_dot_operator_forward_tree_23__DO1 dot_operator_46               3                2.660
 level1_dot_operator_forward_tree_25__DO1 dot_operator_45               3                2.660
 level1_dot_operator_forward_tree_27__DO1 dot_operator_44               3                2.660
 level1_dot_operator_forward_tree_29__DO1 dot_operator_43               3                2.660
 level1_dot_operator_forward_tree_31__DO1 dot_operator_42               3                2.660
 level1_dot_operator_forward_tree_3__DO1  dot_operator_56               3                2.660
 level1_dot_operator_forward_tree_5__DO1  dot_operator_55               3                2.660
 level1_dot_operator_forward_tree_7__DO1  dot_operator_54               3                2.660
 level1_dot_operator_forward_tree_9__DO1  dot_operator_53               3                2.660
 level2_dot_operator_forward_tree_11__DO2 dot_operator_38               3                2.660
 level2_dot_operator_forward_tree_15__DO2 dot_operator_37               3                2.660
 level2_dot_operator_forward_tree_19__DO2 dot_operator_36               3                2.660
 level2_dot_operator_forward_tree_23__DO2 dot_operator_35               3                2.660
 level2_dot_operator_forward_tree_27__DO2 dot_operator_34               3                2.660
 level2_dot_operator_forward_tree_31__DO2 dot_operator_33               3                2.660
 level2_dot_operator_forward_tree_3__DO2  dot_operator_40               2                1.596
 level2_dot_operator_forward_tree_7__DO2  dot_operator_39               3                2.660
 level3_dot_operator_forward_tree_15__DO3 dot_operator_29               3                2.660
 level3_dot_operator_forward_tree_23__DO3 dot_operator_28               3                2.660
 level3_dot_operator_forward_tree_31__DO3 dot_operator_27               3                2.660
 level3_dot_operator_forward_tree_7__DO3  dot_operator_30               2                1.596
